[0m


















































[21C[1;32m   [0m[29C[1;32m‹‹‹‹
[0m[21C[1;32m  ‹‹‹‹‹‹‹ [0m[20C[1;32m‹€€€ﬂ
[0m[24C[36m [1;32mﬂﬂ€€€€€ [0;36m [1;32m [0m[14C[1;32m ∞ﬂ
[0m[27C[36m  [1;32mﬂﬂ€€€















[0;36mi thought i'd re-do fevers spawn comic rip, i noticed that the proportions on
aarons was out of wack and that i should correct it.. this is how it should be
fever.

to view the original goto www.sixteencolors.net/pack/27inch02/tcf-spwn.ans

[37mavg_ blocktronics studios 2013.
